// Jest Snapshot v1, https://goo.gl/fbAQLP

exports[`Merge component should render its children with props 1`] = `
<div
  style={
    Object {
      "animation": "bcCCNc 2s ease-in, dVMtpd 2s ease-in",
      "backfaceVisibility": "visible",
      "display": "block",
    }
  }
>
  <h1>
    Hello World
  </h1>
</div>
`;
