// Jest Snapshot v1, https://goo.gl/fbAQLP

exports[`animates the children and render the div (default) element 1`] = `[Function]`;

exports[`animates the children and render the h1 element 1`] = `[Function]`;

exports[`matches the keyframes created by styled-components and default props 1`] = `


<div
  style={
    Object {
      "animation": "bGJZDZ 2s ease-in",
      "backfaceVisibility": "visible",
    }
  }
>
  <p>
    Hello
  </p>
</div>
`;
